Starting run
Included groups: not_run
Running tests: 004_bad_desc, 008a_bad_command_not_run, 015b_pre_command_fail

004_bad_desc                                                 ....... [Not Run]
Schema validation error: Additional properties are not allowed ('blat' was unexpected)

008a_bad_command_not_run                                     ....... [Not Run]
[Errno 2] No such file or directory: 'no'

015b_pre_command_fail                                        ....... [Not Run] Pre run command RC=1

Finished iteration (#0/0)
Not ran: 004_bad_desc, 008a_bad_command_not_run, 015b_pre_command_fail

