Starting run
Included groups: failing
Running tests: 002_fail, 010_timeout, 011_bad_output, 015c_post_command_fail

002_fail                                                     ....... [Failed ] rc=1, allowed=0
Test stdout/stderr: (Empty stdout), (Empty stderr)

010_timeout                                                  ....... [Failed ]
Command '['sleep', '5']' timed out after 1 seconds
Test stdout/stderr: (Empty stdout), (Empty stderr)

011_bad_output                                               ....... [Failed ] stdout mismatch
Diff head:
>>>>>
--- XEET_DIR/sanity/xeet.expected/011_bad_output.out
+++ XEET_DIR/sanity/xeet.out/011_bad_output.out
@@ -1 +1 @@
-good output
+bad output
<<<<<
Full diff file: XEET_DIR/sanity/xeet.out/011_bad_output.out.diff

015c_post_command_fail                                       ....... [Failed ] Post run failed
Post run command = 1, no post run output


Finished iteration (#0/0)
Failed: 002_fail, 010_timeout, 011_bad_output, 015c_post_command_fail

