Starting run
Included groups: passing
Running tests: 001_out_only, 002_err_only, 003_out_and_err, 004_no_output, 007_unified_stdout_stderr, 050_ignore_stderr, 051_ignore_stdout

001_out_only                                                 ....... [Passed ]
002_err_only                                                 ....... [Passed ]
003_out_and_err                                              ....... [Passed ]
004_no_output                                                ....... [Passed ]
007_unified_stdout_stderr                                    ....... [Passed ]
050_ignore_stderr                                            ....... [Passed ]
051_ignore_stdout                                            ....... [Passed ]

Finished iteration (#0/0)
Passed: 001_out_only, 002_err_only, 003_out_and_err, 004_no_output, 007_unified_stdout_stderr, 050_ignore_stderr, 051_ignore_stdout

