Xeet, v0.1.0
============

Starting run
Running groups: failing

Running '002_fail'                                           .......[Failed ] rc=1, allowed=2
Full output file: /home/omer/devel/xeet/tests/internal/xeet.out/002_fail

Running '010_timeout'                                        .......[Failed ]
Command '['sleep', '5']' timed out after 1 seconds
Full output file: /home/omer/devel/xeet/tests/internal/xeet.out/010_timeout

Running '011_bad_output'                                     .......[Failed ] Output mismatch
Diff head:
>>>>>
--- /home/omer/devel/xeet/tests/internal/xeet.expected/011_bad_output
+++ /home/omer/devel/xeet/tests/internal/xeet.out/011_bad_output
@@ -1 +1 @@
-good output
+bad output
<<<<<
Full diff file: /home/omer/devel/xeet/tests/internal/xeet.out/011_bad_output.diff
Full output file: /home/omer/devel/xeet/tests/internal/xeet.out/011_bad_output


Finished iteration (#0/0)
Failed: 002_fail, 010_timeout, 011_bad_output

